// Jest Snapshot v1, https://goo.gl/fbAQLP

exports[`For a given snapshot Manifest file It should match previous snapshot 1`] = `
"{
  \\"artifacts\\": {
    \\"Tree\\": {
      \\"type\\": \\"cdk:tree\\",
      \\"properties\\": {
        \\"file\\": \\"tree.json\\"
      }
    },
    \\"stack-1\\": {
      \\"type\\": \\"aws:cloudformation:stack\\",
      \\"environment\\": \\"aws://112233445566/eu-west-1\\",
      \\"properties\\": {
        \\"templateFile\\": \\"stack-1.template.json\\"
      },
      \\"metadata\\": {
        \\"/stack-1\\": [
          {
            \\"type\\": \\"aws:cdk:asset\\",
            \\"data\\": \\"snapshot-value\\"
          }
        ],
        \\"/stack-1/MyFunction/ServiceRole/Resource\\": [
          {
            \\"type\\": \\"aws:cdk:logicalId\\",
            \\"data\\": \\"MyFunctionServiceRole3C357FF2\\"
          }
        ],
        \\"/stack-1/MyFunction/Resource\\": [
          {
            \\"type\\": \\"aws:cdk:logicalId\\",
            \\"data\\": \\"MyFunction3BAA72D1\\"
          }
        ]
      }
    }
  },
  \\"runtime\\": {}
}"
`;

exports[`For a given snapshot Template file It should match previous snapshot 1`] = `
"{
  \\"Resources\\": {
    \\"MyFunctionServiceRole3C357FF2\\": {
      \\"Type\\": \\"AWS::IAM::Role\\",
      \\"Properties\\": {
        \\"AssumeRolePolicyDocument\\": {
          \\"Statement\\": [
            {
              \\"Action\\": \\"sts:AssumeRole\\",
              \\"Effect\\": \\"Allow\\",
              \\"Principal\\": {
                \\"Service\\": \\"lambda.amazonaws.com\\"
              }
            }
          ],
          \\"Version\\": \\"2012-10-17\\"
        },
        \\"ManagedPolicyArns\\": [
          {
            \\"Fn::Join\\": [
              \\"\\",
              [
                \\"arn:\\",
                {
                  \\"Ref\\": \\"AWS::Partition\\"
                },
                \\":iam::aws:policy/service-role/AWSLambdaBasicExecutionRole\\"
              ]
            ]
          }
        ]
      },
      \\"Metadata\\": {
        \\"aws:cdk:path\\": \\"stack-1/MyFunction/ServiceRole/Resource\\"
      }
    },
    \\"MyFunction3BAA72D1\\": {
      \\"Type\\": \\"AWS::Lambda::Function\\",
      \\"Properties\\": {
        \\"Code\\": {
          \\"S3Bucket\\": {
            \\"Ref\\": \\"snapshot-value\\"
          },
          \\"S3Key\\": {
            \\"Fn::Join\\": [
              \\"\\",
              [
                {
                  \\"Fn::Select\\": [
                    0,
                    {
                      \\"Fn::Split\\": [
                        \\"||\\",
                        {
                          \\"Ref\\": \\"snapshot-value\\"
                        }
                      ]
                    }
                  ]
                },
                {
                  \\"Fn::Select\\": [
                    1,
                    {
                      \\"Fn::Split\\": [
                        \\"||\\",
                        {
                          \\"Ref\\": \\"snapshot-value\\"
                        }
                      ]
                    }
                  ]
                }
              ]
            ]
          }
        },
        \\"Handler\\": \\"index.handler\\",
        \\"Role\\": {
          \\"Fn::GetAtt\\": [
            \\"MyFunctionServiceRole3C357FF2\\",
            \\"Arn\\"
          ]
        },
        \\"Runtime\\": \\"nodejs12.x\\"
      },
      \\"DependsOn\\": [
        \\"MyFunctionServiceRole3C357FF2\\"
      ],
      \\"Metadata\\": {
        \\"aws:cdk:path\\": \\"stack-1/MyFunction/Resource\\",
        \\"aws:asset:path\\": \\"asset.snapshot-value\\",
        \\"aws:asset:property\\": \\"Code\\"
      }
    }
  },
  \\"Parameters\\": {}
}"
`;
